2026-01-07 23:27:59,818 - auto_analyze_stocks - INFO - è‡ªåŠ¨è‚¡ç¥¨åˆ†æç³»ç»Ÿå¯åŠ¨
2026-01-07 23:27:59,818 - auto_analyze_stocks - INFO - ==================================================
2026-01-07 23:27:59,822 - auto_analyze_stocks - ERROR - 
ç¨‹åºå‘ç”Ÿä¸¥é‡é”™è¯¯: é…ç½®æ–‡ä»¶ analyzeconfig.json ä¸å­˜åœ¨
2026-01-07 23:27:59,824 - auto_analyze_stocks - ERROR - é”™è¯¯è¯¦æƒ…:
2026-01-07 23:27:59,827 - auto_analyze_stocks - ERROR - Traceback (most recent call last):
  File "D:\stock\stock_ana\market_stratery\auto_analyze_stocks.py", line 552, in main_control_loop
    config = load_config_with_validation()
             ^^^^^^^^^^^^^^^^^^^^^^^^^^^^^
  File "D:\stock\stock_ana\market_stratery\auto_analyze_stocks.py", line 490, in load_config_with_validation
    raise FileNotFoundError(f"é…ç½®æ–‡ä»¶ {config_file} ä¸å­˜åœ¨")
FileNotFoundError: é…ç½®æ–‡ä»¶ analyzeconfig.json ä¸å­˜åœ¨

2026-01-07 23:27:59,828 - auto_analyze_stocks - INFO - 
ç¨‹åºç»“æŸ
2026-01-07 23:30:26,565 - auto_analyze_stocks - INFO - è‡ªåŠ¨è‚¡ç¥¨åˆ†æç³»ç»Ÿå¯åŠ¨
2026-01-07 23:30:26,566 - auto_analyze_stocks - INFO - ==================================================
2026-01-07 23:30:26,568 - auto_analyze_stocks - ERROR - 
ç¨‹åºå‘ç”Ÿä¸¥é‡é”™è¯¯: é…ç½®æ–‡ä»¶ analizeconfig.json ä¸å­˜åœ¨
2026-01-07 23:30:26,570 - auto_analyze_stocks - ERROR - é”™è¯¯è¯¦æƒ…:
2026-01-07 23:30:26,572 - auto_analyze_stocks - ERROR - Traceback (most recent call last):
  File "D:\stock\stock_ana\market_stratery\auto_analyze_stocks.py", line 552, in main_control_loop
    config = load_config_with_validation()
             ^^^^^^^^^^^^^^^^^^^^^^^^^^^^^
  File "D:\stock\stock_ana\market_stratery\auto_analyze_stocks.py", line 490, in load_config_with_validation
    raise FileNotFoundError(f"é…ç½®æ–‡ä»¶ {config_file} ä¸å­˜åœ¨")
FileNotFoundError: é…ç½®æ–‡ä»¶ analizeconfig.json ä¸å­˜åœ¨

2026-01-07 23:30:26,573 - auto_analyze_stocks - INFO - 
ç¨‹åºç»“æŸ
2026-01-07 23:30:52,865 - auto_analyze_stocks - INFO - è‡ªåŠ¨è‚¡ç¥¨åˆ†æç³»ç»Ÿå¯åŠ¨
2026-01-07 23:30:52,866 - auto_analyze_stocks - INFO - ==================================================
2026-01-07 23:30:52,870 - auto_analyze_stocks - ERROR - 
ç¨‹åºå‘ç”Ÿä¸¥é‡é”™è¯¯: é…ç½®æ–‡ä»¶åŠ è½½å¤±è´¥: é…ç½®æ–‡ä»¶ç¼ºå°‘å¿…è¦é¡¹: execution_time
2026-01-07 23:30:52,871 - auto_analyze_stocks - ERROR - é”™è¯¯è¯¦æƒ…:
2026-01-07 23:30:52,873 - auto_analyze_stocks - ERROR - Traceback (most recent call last):
  File "D:\stock\stock_ana\market_stratery\auto_analyze_stocks.py", line 500, in load_config_with_validation
    raise ValueError(f"é…ç½®æ–‡ä»¶ç¼ºå°‘å¿…è¦é¡¹: {key}")
ValueError: é…ç½®æ–‡ä»¶ç¼ºå°‘å¿…è¦é¡¹: execution_time

During handling of the above exception, another exception occurred:

Traceback (most recent call last):
  File "D:\stock\stock_ana\market_stratery\auto_analyze_stocks.py", line 552, in main_control_loop
    config = load_config_with_validation()
             ^^^^^^^^^^^^^^^^^^^^^^^^^^^^^
  File "D:\stock\stock_ana\market_stratery\auto_analyze_stocks.py", line 535, in load_config_with_validation
    raise ValueError(f"é…ç½®æ–‡ä»¶åŠ è½½å¤±è´¥: {str(e)}")
ValueError: é…ç½®æ–‡ä»¶åŠ è½½å¤±è´¥: é…ç½®æ–‡ä»¶ç¼ºå°‘å¿…è¦é¡¹: execution_time

2026-01-07 23:30:52,874 - auto_analyze_stocks - INFO - 
ç¨‹åºç»“æŸ
2026-01-08 07:10:25,166 - auto_analyze_stocks - INFO - è‡ªåŠ¨è‚¡ç¥¨åˆ†æç³»ç»Ÿå¯åŠ¨
2026-01-08 07:10:25,166 - auto_analyze_stocks - INFO - ==================================================
2026-01-08 07:10:25,197 - auto_analyze_stocks - INFO - é…ç½®åŠ è½½å®Œæˆ
2026-01-08 07:10:57,807 - auto_analyze_stocks - INFO - å…±æœ‰ 5793 åªè‚¡ç¥¨éœ€è¦åˆ†æ
2026-01-08 07:10:57,823 - auto_analyze_stocks - INFO - å½“å‰æ—¶é—´ä¸åœ¨æ‰§è¡ŒèŒƒå›´å†…ï¼Œç­‰å¾…...
2026-01-08 07:11:24,561 - auto_analyze_stocks - INFO - 
ç¨‹åºç»“æŸ
2026-01-08 07:11:32,311 - auto_analyze_stocks - INFO - ğŸ› è°ƒè¯•æ¨¡å¼å·²å¯ç”¨ï¼šè·³è¿‡æ—¶é—´æ£€æµ‹ï¼Œç«‹å³æ‰§è¡Œ
2026-01-08 07:11:32,311 - auto_analyze_stocks - INFO - è‡ªåŠ¨è‚¡ç¥¨åˆ†æç³»ç»Ÿå¯åŠ¨
2026-01-08 07:11:32,311 - auto_analyze_stocks - INFO - ==================================================
2026-01-08 07:11:32,311 - auto_analyze_stocks - INFO - é…ç½®åŠ è½½å®Œæˆ
2026-01-08 07:11:32,368 - auto_analyze_stocks - INFO - å…±æœ‰ 5793 åªè‚¡ç¥¨éœ€è¦åˆ†æ
2026-01-08 07:11:32,372 - auto_analyze_stocks - INFO - éšæœºé€‰æ‹©è‚¡ç¥¨: 601858
2026-01-08 07:11:32,372 - auto_analyze_stocks - INFO - å¼€å§‹åˆ†æè‚¡ç¥¨: 601858
2026-01-08 07:11:32,373 - auto_analyze_stocks - INFO - æ­£åœ¨ä¸‹è½½è‚¡ç¥¨æ•°æ®...
2026-01-08 07:11:32,373 - auto_analyze_stocks - ERROR - è‚¡ç¥¨ 601858 åˆ†æè¿‡ç¨‹ä¸­å‘ç”Ÿé”™è¯¯: unsupported operand type(s) for /: 'WindowsPath' and 'int'
Traceback (most recent call last):
  File "d:\stock\stock_ana\market_stratery\auto_analyze_stocks.py", line 403, in analyze_stock
    data_dir = get_stock_output_dir(stock_code)
               ^^^^^^^^^^^^^^^^^^^^^^^^^^^^^^^^
  File "d:\stock\stock_ana\market_stratery\anaByQwen2.py", line 34, in get_stock_output_dir
    return Path(OUTPUT_BASE_DIR) / stock
           ~~~~~~~~~~~~~~~~~~~~~~^~~~~~~
TypeError: unsupported operand type(s) for /: 'WindowsPath' and 'int'
2026-01-08 07:11:32,411 - auto_analyze_stocks - INFO - ç­‰å¾… 80 ç§’åè¿›è¡Œä¸‹ä¸€æ¬¡åˆ†æ...
2026-01-08 07:12:43,243 - auto_analyze_stocks - INFO - ğŸ› è°ƒè¯•æ¨¡å¼å·²å¯ç”¨ï¼šè·³è¿‡æ—¶é—´æ£€æµ‹ï¼Œç«‹å³æ‰§è¡Œ
2026-01-08 07:12:43,259 - auto_analyze_stocks - INFO - è‡ªåŠ¨è‚¡ç¥¨åˆ†æç³»ç»Ÿå¯åŠ¨
2026-01-08 07:12:43,259 - auto_analyze_stocks - INFO - ==================================================
2026-01-08 07:12:43,259 - auto_analyze_stocks - INFO - é…ç½®åŠ è½½å®Œæˆ
2026-01-08 07:12:43,290 - auto_analyze_stocks - INFO - å…±æœ‰ 5793 åªè‚¡ç¥¨éœ€è¦åˆ†æ
2026-01-08 07:12:43,290 - auto_analyze_stocks - INFO - éšæœºé€‰æ‹©è‚¡ç¥¨: 603499
2026-01-08 07:12:43,290 - auto_analyze_stocks - INFO - å¼€å§‹åˆ†æè‚¡ç¥¨: 603499
2026-01-08 07:12:43,290 - auto_analyze_stocks - INFO - æ­£åœ¨ä¸‹è½½è‚¡ç¥¨æ•°æ®...
2026-01-08 07:12:43,290 - auto_analyze_stocks - ERROR - è‚¡ç¥¨ 603499 åˆ†æè¿‡ç¨‹ä¸­å‘ç”Ÿé”™è¯¯: unsupported operand type(s) for /: 'WindowsPath' and 'int'
Traceback (most recent call last):
  File "D:\stock\stock_ana\market_stratery\auto_analyze_stocks.py", line 403, in analyze_stock
    data_dir = get_stock_output_dir(stock_code)
               ^^^^^^^^^^^^^^^^^^^^^^^^^^^^^^^^
  File "D:\stock\stock_ana\market_stratery\anaByQwen2.py", line 34, in get_stock_output_dir
    return Path(OUTPUT_BASE_DIR) / stock
           ~~~~~~~~~~~~~~~~~~~~~~^~~~~~~
TypeError: unsupported operand type(s) for /: 'WindowsPath' and 'int'
2026-01-08 07:12:43,306 - auto_analyze_stocks - INFO - ç­‰å¾… 67 ç§’åè¿›è¡Œä¸‹ä¸€æ¬¡åˆ†æ...
2026-01-08 07:12:52,414 - auto_analyze_stocks - INFO - éšæœºé€‰æ‹©è‚¡ç¥¨: 600729
2026-01-08 07:12:52,414 - auto_analyze_stocks - INFO - å¼€å§‹åˆ†æè‚¡ç¥¨: 600729
2026-01-08 07:12:52,414 - auto_analyze_stocks - INFO - æ­£åœ¨ä¸‹è½½è‚¡ç¥¨æ•°æ®...
2026-01-08 07:12:52,414 - auto_analyze_stocks - ERROR - è‚¡ç¥¨ 600729 åˆ†æè¿‡ç¨‹ä¸­å‘ç”Ÿé”™è¯¯: unsupported operand type(s) for /: 'WindowsPath' and 'int'
Traceback (most recent call last):
  File "d:\stock\stock_ana\market_stratery\auto_analyze_stocks.py", line 403, in analyze_stock
    data_dir = get_stock_output_dir(stock_code)
               ^^^^^^^^^^^^^^^^^^^^^^^^^^^^^^^^
  File "d:\stock\stock_ana\market_stratery\anaByQwen2.py", line 34, in get_stock_output_dir
    return Path(OUTPUT_BASE_DIR) / stock
           ~~~~~~~~~~~~~~~~~~~~~~^~~~~~~
TypeError: unsupported operand type(s) for /: 'WindowsPath' and 'int'
2026-01-08 07:12:52,414 - auto_analyze_stocks - INFO - ç­‰å¾… 99 ç§’åè¿›è¡Œä¸‹ä¸€æ¬¡åˆ†æ...
2026-01-08 07:13:50,318 - auto_analyze_stocks - INFO - éšæœºé€‰æ‹©è‚¡ç¥¨: 603201
2026-01-08 07:13:50,400 - auto_analyze_stocks - INFO - å¼€å§‹åˆ†æè‚¡ç¥¨: 603201
2026-01-08 07:13:50,457 - auto_analyze_stocks - INFO - æ­£åœ¨ä¸‹è½½è‚¡ç¥¨æ•°æ®...
2026-01-08 07:13:50,483 - auto_analyze_stocks - ERROR - è‚¡ç¥¨ 603201 åˆ†æè¿‡ç¨‹ä¸­å‘ç”Ÿé”™è¯¯: unsupported operand type(s) for /: 'WindowsPath' and 'int'
Traceback (most recent call last):
  File "D:\stock\stock_ana\market_stratery\auto_analyze_stocks.py", line 403, in analyze_stock
    # ä» config ä¸­è·å–æ—¥æœŸèŒƒå›´å‚æ•°
              ^^^^^^^^^^^^^^^^^^^^^
  File "D:\stock\stock_ana\market_stratery\anaByQwen2.py", line 34, in get_stock_output_dir
    return Path(OUTPUT_BASE_DIR) / stock
           ~~~~~~~~~~~~~~~~~~~~~~^~~~~~~
TypeError: unsupported operand type(s) for /: 'WindowsPath' and 'int'
2026-01-08 07:13:50,652 - auto_analyze_stocks - INFO - ç­‰å¾… 63 ç§’åè¿›è¡Œä¸‹ä¸€æ¬¡åˆ†æ...
2026-01-08 07:14:31,420 - auto_analyze_stocks - INFO - éšæœºé€‰æ‹©è‚¡ç¥¨: 2982
2026-01-08 07:14:31,420 - auto_analyze_stocks - INFO - å¼€å§‹åˆ†æè‚¡ç¥¨: 2982
2026-01-08 07:14:31,420 - auto_analyze_stocks - INFO - æ­£åœ¨ä¸‹è½½è‚¡ç¥¨æ•°æ®...
2026-01-08 07:14:31,420 - auto_analyze_stocks - ERROR - è‚¡ç¥¨ 2982 åˆ†æè¿‡ç¨‹ä¸­å‘ç”Ÿé”™è¯¯: unsupported operand type(s) for /: 'WindowsPath' and 'int'
Traceback (most recent call last):
  File "d:\stock\stock_ana\market_stratery\auto_analyze_stocks.py", line 403, in analyze_stock
    try:
         
  File "d:\stock\stock_ana\market_stratery\anaByQwen2.py", line 34, in get_stock_output_dir
    return Path(OUTPUT_BASE_DIR) / stock
           ~~~~~~~~~~~~~~~~~~~~~~^~~~~~~
TypeError: unsupported operand type(s) for /: 'WindowsPath' and 'int'
2026-01-08 07:14:31,420 - auto_analyze_stocks - INFO - ç­‰å¾… 200 ç§’åè¿›è¡Œä¸‹ä¸€æ¬¡åˆ†æ...
2026-01-08 07:14:53,655 - auto_analyze_stocks - INFO - éšæœºé€‰æ‹©è‚¡ç¥¨: 600490
2026-01-08 07:14:53,655 - auto_analyze_stocks - INFO - å¼€å§‹åˆ†æè‚¡ç¥¨: 600490
2026-01-08 07:14:53,655 - auto_analyze_stocks - INFO - æ­£åœ¨ä¸‹è½½è‚¡ç¥¨æ•°æ®...
2026-01-08 07:14:53,655 - auto_analyze_stocks - ERROR - è‚¡ç¥¨ 600490 åˆ†æè¿‡ç¨‹ä¸­å‘ç”Ÿé”™è¯¯: unsupported operand type(s) for /: 'WindowsPath' and 'int'
Traceback (most recent call last):
  File "D:\stock\stock_ana\market_stratery\auto_analyze_stocks.py", line 403, in analyze_stock
    try:
         
  File "D:\stock\stock_ana\market_stratery\anaByQwen2.py", line 34, in get_stock_output_dir
    return Path(OUTPUT_BASE_DIR) / stock
           ~~~~~~~~~~~~~~~~~~~~~~^~~~~~~
TypeError: unsupported operand type(s) for /: 'WindowsPath' and 'int'
2026-01-08 07:14:53,655 - auto_analyze_stocks - INFO - ç­‰å¾… 163 ç§’åè¿›è¡Œä¸‹ä¸€æ¬¡åˆ†æ...
2026-01-08 07:15:01,177 - auto_analyze_stocks - INFO - 
ç¨‹åºç»“æŸ
2026-01-08 07:15:07,548 - auto_analyze_stocks - INFO - ğŸ› è°ƒè¯•æ¨¡å¼å·²å¯ç”¨ï¼šè·³è¿‡æ—¶é—´æ£€æµ‹ï¼Œç«‹å³æ‰§è¡Œ
2026-01-08 07:15:07,548 - auto_analyze_stocks - INFO - è‡ªåŠ¨è‚¡ç¥¨åˆ†æç³»ç»Ÿå¯åŠ¨
2026-01-08 07:15:07,564 - auto_analyze_stocks - INFO - ==================================================
2026-01-08 07:15:07,564 - auto_analyze_stocks - INFO - é…ç½®åŠ è½½å®Œæˆ
2026-01-08 07:15:07,595 - auto_analyze_stocks - INFO - å…±æœ‰ 5793 åªè‚¡ç¥¨éœ€è¦åˆ†æ
2026-01-08 07:15:07,595 - auto_analyze_stocks - INFO - éšæœºé€‰æ‹©è‚¡ç¥¨: 2893
2026-01-08 07:15:07,595 - auto_analyze_stocks - INFO - å¼€å§‹åˆ†æè‚¡ç¥¨: 2893
2026-01-08 07:15:07,595 - auto_analyze_stocks - ERROR - è‚¡ç¥¨ 2893 åˆ†æè¿‡ç¨‹ä¸­å‘ç”Ÿé”™è¯¯: 'intraday_days'
Traceback (most recent call last):
  File "D:\stock\stock_ana\market_stratery\auto_analyze_stocks.py", line 406, in analyze_stock
    intraday_days = config['intraday_days']
                    ~~~~~~^^^^^^^^^^^^^^^^^
KeyError: 'intraday_days'
2026-01-08 07:15:07,595 - auto_analyze_stocks - INFO - ç­‰å¾… 96 ç§’åè¿›è¡Œä¸‹ä¸€æ¬¡åˆ†æ...
2026-01-08 07:16:12,402 - auto_analyze_stocks - INFO - 
ç¨‹åºç»“æŸ
2026-01-08 07:16:35,932 - auto_analyze_stocks - INFO - ğŸ› è°ƒè¯•æ¨¡å¼å·²å¯ç”¨ï¼šè·³è¿‡æ—¶é—´æ£€æµ‹ï¼Œç«‹å³æ‰§è¡Œ
2026-01-08 07:16:35,932 - auto_analyze_stocks - INFO - è‡ªåŠ¨è‚¡ç¥¨åˆ†æç³»ç»Ÿå¯åŠ¨
2026-01-08 07:16:35,932 - auto_analyze_stocks - INFO - ==================================================
2026-01-08 07:16:35,932 - auto_analyze_stocks - INFO - é…ç½®åŠ è½½å®Œæˆ
2026-01-08 07:16:35,968 - auto_analyze_stocks - INFO - å…±æœ‰ 5793 åªè‚¡ç¥¨éœ€è¦åˆ†æ
2026-01-08 07:16:35,968 - auto_analyze_stocks - INFO - éšæœºé€‰æ‹©è‚¡ç¥¨: 300676
2026-01-08 07:16:35,968 - auto_analyze_stocks - INFO - å¼€å§‹åˆ†æè‚¡ç¥¨: 300676
2026-01-08 07:16:37,337 - auto_analyze_stocks - INFO - æ­£åœ¨ä¸‹è½½è‚¡ç¥¨æ•°æ®...
2026-01-08 07:17:01,049 - auto_analyze_stocks - INFO - 
ç¨‹åºç»“æŸ
2026-01-08 07:17:51,428 - auto_analyze_stocks - INFO - éšæœºé€‰æ‹©è‚¡ç¥¨: 600960
2026-01-08 07:17:51,428 - auto_analyze_stocks - INFO - å¼€å§‹åˆ†æè‚¡ç¥¨: 600960
2026-01-08 07:17:51,428 - auto_analyze_stocks - INFO - æ­£åœ¨ä¸‹è½½è‚¡ç¥¨æ•°æ®...
2026-01-08 07:17:51,428 - auto_analyze_stocks - ERROR - è‚¡ç¥¨ 600960 åˆ†æè¿‡ç¨‹ä¸­å‘ç”Ÿé”™è¯¯: unsupported operand type(s) for /: 'WindowsPath' and 'int'
Traceback (most recent call last):
  File "d:\stock\stock_ana\market_stratery\auto_analyze_stocks.py", line 403, in analyze_stock
    try:
         
  File "d:\stock\stock_ana\market_stratery\anaByQwen2.py", line 34, in get_stock_output_dir
    return Path(OUTPUT_BASE_DIR) / stock
           ~~~~~~~~~~~~~~~~~~~~~~^~~~~~~
TypeError: unsupported operand type(s) for /: 'WindowsPath' and 'int'
2026-01-08 07:17:51,428 - auto_analyze_stocks - INFO - ç­‰å¾… 149 ç§’åè¿›è¡Œä¸‹ä¸€æ¬¡åˆ†æ...
2026-01-08 07:20:20,434 - auto_analyze_stocks - INFO - éšæœºé€‰æ‹©è‚¡ç¥¨: 603608
2026-01-08 07:20:20,434 - auto_analyze_stocks - INFO - å¼€å§‹åˆ†æè‚¡ç¥¨: 603608
2026-01-08 07:20:20,434 - auto_analyze_stocks - INFO - æ­£åœ¨ä¸‹è½½è‚¡ç¥¨æ•°æ®...
2026-01-08 07:20:20,434 - auto_analyze_stocks - ERROR - è‚¡ç¥¨ 603608 åˆ†æè¿‡ç¨‹ä¸­å‘ç”Ÿé”™è¯¯: unsupported operand type(s) for /: 'WindowsPath' and 'int'
Traceback (most recent call last):
  File "d:\stock\stock_ana\market_stratery\auto_analyze_stocks.py", line 403, in analyze_stock
    try:
         
  File "d:\stock\stock_ana\market_stratery\anaByQwen2.py", line 34, in get_stock_output_dir
    return Path(OUTPUT_BASE_DIR) / stock
           ~~~~~~~~~~~~~~~~~~~~~~^~~~~~~
TypeError: unsupported operand type(s) for /: 'WindowsPath' and 'int'
2026-01-08 07:20:20,434 - auto_analyze_stocks - INFO - ç­‰å¾… 194 ç§’åè¿›è¡Œä¸‹ä¸€æ¬¡åˆ†æ...
2026-01-08 07:22:28,751 - auto_analyze_stocks - INFO - ğŸ› è°ƒè¯•æ¨¡å¼å·²å¯ç”¨ï¼šè·³è¿‡æ—¶é—´æ£€æµ‹ï¼Œç«‹å³æ‰§è¡Œ
2026-01-08 07:22:28,751 - auto_analyze_stocks - INFO - è‡ªåŠ¨è‚¡ç¥¨åˆ†æç³»ç»Ÿå¯åŠ¨
2026-01-08 07:22:28,766 - auto_analyze_stocks - INFO - ==================================================
2026-01-08 07:22:28,766 - auto_analyze_stocks - INFO - é…ç½®åŠ è½½å®Œæˆ
2026-01-08 07:22:28,798 - auto_analyze_stocks - INFO - å…±æœ‰ 5793 åªè‚¡ç¥¨éœ€è¦åˆ†æ
2026-01-08 07:22:28,813 - auto_analyze_stocks - INFO - éšæœºé€‰æ‹©è‚¡ç¥¨: 301491
2026-01-08 07:22:28,813 - auto_analyze_stocks - INFO - å¼€å§‹åˆ†æè‚¡ç¥¨: 301491
2026-01-08 07:22:30,002 - auto_analyze_stocks - INFO - â³ ç­‰å¾… 90 ç§’ï¼ˆ1åˆ†30ç§’ï¼‰åå¼€å§‹è·å–è‚¡ç¥¨æ•°æ®ï¼Œé¿å…APIè°ƒç”¨è¿‡å¿«è¢«å°IP...
